≡ƒöæ Testing API Key: AIzaSyBBfo...

≡ƒº¬ Testing gemini-2.0-flash...
Γ¥î gemini-2.0-flash failed: [GoogleGenerativeAI Error]: Error fetching from https://generativelanguage.googleapis.com/v1/models/

≡ƒº¬ Testing gemini-1.5-flash...
Γ¥î gemini-1.5-flash failed: [GoogleGenerativeAI Error]: Error fetching from https://generativelanguage.googleapis.com/v1/models/

≡ƒº¬ Testing gemini-1.5-pro...
Γ¥î gemini-1.5-pro failed: [GoogleGenerativeAI Error]: Error fetching from https://generativelanguage.googleapis.com/v1/models/

≡ƒº¬ Testing gemini-pro...
Γ¥î gemini-pro failed: [GoogleGenerativeAI Error]: Error fetching from https://generativelanguage.googleapis.com/v1/models/
